// Jest Snapshot v1, https://goo.gl/fbAQLP

exports[`Testing percentage totals BIOINF 529 1`] = `"97 4"`;

exports[`Testing percentage totals BIOLOGY 305 1`] = `"99 1"`;

exports[`Testing percentage totals ECON 401 1`] = `"97 4"`;

exports[`Testing percentage totals ECON 409 1`] = `"98 3"`;

exports[`Testing percentage totals ECON 431 1`] = `"98 3"`;

exports[`Testing percentage totals ECON 442 1`] = `"98 3"`;

exports[`Testing percentage totals EECS 270 1`] = `"98 2"`;

exports[`Testing percentage totals EECS 285 1`] = `"99 1"`;

exports[`Testing percentage totals EECS 373 1`] = `"99 3"`;

exports[`Testing percentage totals EECS 388 1`] = `"99 3"`;

exports[`Testing percentage totals EECS 427 1`] = `"100 0"`;

exports[`Testing percentage totals EECS 441 1`] = `"99 2"`;

exports[`Testing percentage totals EECS 442 1`] = `"99 5"`;

exports[`Testing percentage totals EECS 445 1`] = `"99 3"`;

exports[`Testing percentage totals EECS 467 1`] = `"99 1"`;

exports[`Testing percentage totals EECS 470 1`] = `"98 3"`;

exports[`Testing percentage totals EECS 475 1`] = `"99 1"`;

exports[`Testing percentage totals EECS 477 1`] = `"99 1"`;

exports[`Testing percentage totals EECS 478 1`] = `"99 1"`;

exports[`Testing percentage totals EECS 481 1`] = `"98 5"`;

exports[`Testing percentage totals EECS 482 1`] = `"99 2"`;

exports[`Testing percentage totals EECS 483 1`] = `"100 0"`;

exports[`Testing percentage totals EECS 484 1`] = `"98 3"`;

exports[`Testing percentage totals EECS 485 1`] = `"99 2"`;

exports[`Testing percentage totals EECS 486 1`] = `"99 2"`;

exports[`Testing percentage totals EECS 489 1`] = `"99 1"`;

exports[`Testing percentage totals EECS 490 1`] = `"99 2"`;

exports[`Testing percentage totals EECS 491 1`] = `"99 1"`;

exports[`Testing percentage totals EECS 492 1`] = `"98 4"`;

exports[`Testing percentage totals EECS 493 1`] = `"98 3"`;

exports[`Testing percentage totals EECS 494 1`] = `"98 4"`;

exports[`Testing percentage totals EECS 542 1`] = `"99 2"`;

exports[`Testing percentage totals EECS 545 1`] = `"99 4"`;

exports[`Testing percentage totals EECS 550 1`] = `"100 0"`;

exports[`Testing percentage totals EECS 567 1`] = `"99 2"`;

exports[`Testing percentage totals EECS 574 1`] = `"97 3"`;

exports[`Testing percentage totals EECS 575 1`] = `"100 0"`;

exports[`Testing percentage totals EECS 588 1`] = `"100 0"`;

exports[`Testing percentage totals EECS 595 1`] = `"99 1"`;

exports[`Testing percentage totals MATH 412 1`] = `"99 2"`;

exports[`Testing percentage totals MATH 465 1`] = `"99 2"`;

exports[`Testing percentage totals STATS 426 1`] = `"98 2"`;
